2025-04-22 12:27:50,291  INFO  ARGS = {
  "notes": "单个GAN的Transformer试试看",
  "data_path": "database/total.csv",
  "output_dir": "out_put/multi",
  "ckpt_dir": "ckpt",
  "log_diff": false,
  "feature_columns": [
    6,
    774
  ],
  "target_columns": [
    [
      1
    ]
  ],
  "start_timestamp": 0,
  "end_timestamp": -1,
  "window_sizes": [
    15
  ],
  "N_pairs": 1,
  "num_classes": 3,
  "generators": [
    "transformer"
  ],
  "discriminators": null,
  "distill_epochs": 1,
  "cross_finetune_epochs": 5,
  "device": [
    0
  ],
  "num_epochs": 10000,
  "lr": 2e-05,
  "batch_size": 64,
  "train_split": 0.7,
  "random_seed": 3407,
  "amp_dtype": "none",
  "mode": "train",
  "ckpt_path": "lastest"
}
2025-04-22 12:27:51,019  INFO  EPOCH 1 | Validation MSE: G1: 0.06174548 | Accuracy: G1: 41.78 %
2025-04-22 12:27:51,510  INFO  EPOCH 2 | Validation MSE: G1: 0.01282766 | Accuracy: G1: 42.75 %
2025-04-22 12:27:52,015  INFO  EPOCH 3 | Validation MSE: G1: 0.00762882 | Accuracy: G1: 42.39 %
2025-04-22 12:27:52,491  INFO  EPOCH 4 | Validation MSE: G1: 0.00499085 | Accuracy: G1: 42.63 %
2025-04-22 12:27:52,993  INFO  EPOCH 5 | Validation MSE: G1: 0.00479653 | Accuracy: G1: 43.97 %
2025-04-22 12:27:53,482  INFO  EPOCH 6 | Validation MSE: G1: 0.00772903 | Accuracy: G1: 42.02 %
2025-04-22 12:27:53,969  INFO  EPOCH 7 | Validation MSE: G1: 0.00530145 | Accuracy: G1: 41.41 %
2025-04-22 12:27:54,449  INFO  EPOCH 8 | Validation MSE: G1: 0.00548080 | Accuracy: G1: 43.24 %
2025-04-22 12:27:54,911  INFO  EPOCH 9 | Validation MSE: G1: 0.00363924 | Accuracy: G1: 43.61 %
2025-04-22 12:27:55,375  INFO  Start cross finetune!  G1 with D1
2025-04-22 12:27:55,816  INFO  == Cross finetune Epoch [1/10000]: G1: Validation MSE 0.00474749, Validation Acc 41.53%
2025-04-22 12:27:56,285  INFO  == Cross finetune Epoch [2/10000]: G1: Validation MSE 0.00383469, Validation Acc 43.36%
2025-04-22 12:27:56,726  INFO  == Cross finetune Epoch [3/10000]: G1: Validation MSE 0.00361421, Validation Acc 45.07%
2025-04-22 12:27:57,179  INFO  == Cross finetune Epoch [4/10000]: G1: Validation MSE 0.00398150, Validation Acc 41.66%
2025-04-22 12:27:57,620  INFO  == Cross finetune Epoch [5/10000]: G1: Validation MSE 0.00393027, Validation Acc 42.75%
2025-04-22 12:27:57,620  INFO  EPOCH 10 | Validation MSE: G1: 0.00542759 | Accuracy: G1: 41.78 %
2025-04-22 12:27:58,108  INFO  EPOCH 11 | Validation MSE: G1: 0.00593526 | Accuracy: G1: 42.39 %
2025-04-22 12:27:58,590  INFO  EPOCH 12 | Validation MSE: G1: 0.00330059 | Accuracy: G1: 42.51 %
2025-04-22 12:27:59,149  INFO  EPOCH 13 | Validation MSE: G1: 0.00449799 | Accuracy: G1: 42.63 %
2025-04-22 12:27:59,776  INFO  EPOCH 14 | Validation MSE: G1: 0.00388082 | Accuracy: G1: 41.90 %
2025-04-22 12:28:00,360  INFO  EPOCH 15 | Validation MSE: G1: 0.00375318 | Accuracy: G1: 42.02 %
2025-04-22 12:28:00,814  INFO  EPOCH 16 | Validation MSE: G1: 0.00357060 | Accuracy: G1: 41.78 %
2025-04-22 12:28:01,337  INFO  EPOCH 17 | Validation MSE: G1: 0.00396982 | Accuracy: G1: 42.02 %
2025-04-22 12:28:01,887  INFO  EPOCH 18 | Validation MSE: G1: 0.00426011 | Accuracy: G1: 42.75 %
2025-04-22 12:28:02,437  INFO  EPOCH 19 | Validation MSE: G1: 0.00325142 | Accuracy: G1: 41.53 %
2025-04-22 12:28:02,913  INFO  Start cross finetune!  G1 with D1
2025-04-22 12:28:03,394  INFO  == Cross finetune Epoch [1/10000]: G1: Validation MSE 0.00357618, Validation Acc 42.14%
2025-04-22 12:28:03,842  INFO  == Cross finetune Epoch [2/10000]: G1: Validation MSE 0.00300091, Validation Acc 42.27%
2025-04-22 12:28:04,362  INFO  == Cross finetune Epoch [3/10000]: G1: Validation MSE 0.00405231, Validation Acc 43.00%
2025-04-22 12:28:04,913  INFO  == Cross finetune Epoch [4/10000]: G1: Validation MSE 0.00406869, Validation Acc 43.73%
2025-04-22 12:28:05,415  INFO  == Cross finetune Epoch [5/10000]: G1: Validation MSE 0.00317323, Validation Acc 43.00%
2025-04-22 12:28:05,415  INFO  EPOCH 20 | Validation MSE: G1: 0.00288476 | Accuracy: G1: 42.02 %
2025-04-22 12:28:05,947  INFO  EPOCH 21 | Validation MSE: G1: 0.00380891 | Accuracy: G1: 42.63 %
2025-04-22 12:28:06,499  INFO  EPOCH 22 | Validation MSE: G1: 0.00314857 | Accuracy: G1: 43.12 %
2025-04-22 12:28:07,086  INFO  EPOCH 23 | Validation MSE: G1: 0.00291447 | Accuracy: G1: 43.36 %
2025-04-22 12:28:07,611  INFO  EPOCH 24 | Validation MSE: G1: 0.00370674 | Accuracy: G1: 43.12 %
2025-04-22 12:28:08,113  INFO  EPOCH 25 | Validation MSE: G1: 0.00435740 | Accuracy: G1: 42.51 %
2025-04-22 12:28:08,754  INFO  EPOCH 26 | Validation MSE: G1: 0.00453654 | Accuracy: G1: 43.12 %
2025-04-22 12:28:09,261  INFO  EPOCH 27 | Validation MSE: G1: 0.00266532 | Accuracy: G1: 43.00 %
2025-04-22 12:28:09,732  INFO  EPOCH 28 | Validation MSE: G1: 0.00404347 | Accuracy: G1: 43.97 %
2025-04-22 12:28:10,199  INFO  EPOCH 29 | Validation MSE: G1: 0.00428631 | Accuracy: G1: 43.12 %
2025-04-22 12:28:10,653  INFO  Do distill 1 epoch! Distill from G1 to G1
2025-04-22 12:28:10,900  INFO  Start cross finetune!  G1 with D1
2025-04-22 12:28:11,429  INFO  == Cross finetune Epoch [1/10000]: G1: Validation MSE 0.00295778, Validation Acc 42.02%
2025-04-22 12:28:11,913  INFO  == Cross finetune Epoch [2/10000]: G1: Validation MSE 0.00256009, Validation Acc 41.78%
2025-04-22 12:28:12,363  INFO  == Cross finetune Epoch [3/10000]: G1: Validation MSE 0.00264247, Validation Acc 41.53%
2025-04-22 12:28:12,818  INFO  == Cross finetune Epoch [4/10000]: G1: Validation MSE 0.00312388, Validation Acc 43.12%
2025-04-22 12:28:13,290  INFO  == Cross finetune Epoch [5/10000]: G1: Validation MSE 0.00291144, Validation Acc 43.36%
2025-04-22 12:28:13,290  INFO  EPOCH 30 | Validation MSE: G1: 0.00346527 | Accuracy: G1: 41.90 %
2025-04-22 12:28:13,779  INFO  EPOCH 31 | Validation MSE: G1: 0.00300425 | Accuracy: G1: 41.90 %
2025-04-22 12:28:14,247  INFO  EPOCH 32 | Validation MSE: G1: 0.00357189 | Accuracy: G1: 41.78 %
2025-04-22 12:28:14,735  INFO  EPOCH 33 | Validation MSE: G1: 0.00303944 | Accuracy: G1: 42.02 %
2025-04-22 12:28:15,275  INFO  EPOCH 34 | Validation MSE: G1: 0.00286167 | Accuracy: G1: 43.00 %
2025-04-22 12:28:16,053  INFO  EPOCH 35 | Validation MSE: G1: 0.00290415 | Accuracy: G1: 43.36 %
2025-04-22 12:28:16,655  INFO  EPOCH 36 | Validation MSE: G1: 0.00322397 | Accuracy: G1: 41.90 %
2025-04-22 12:28:17,107  INFO  EPOCH 37 | Validation MSE: G1: 0.00357790 | Accuracy: G1: 44.09 %
2025-04-22 12:28:17,563  INFO  EPOCH 38 | Validation MSE: G1: 0.00303887 | Accuracy: G1: 43.36 %
2025-04-22 12:28:18,141  INFO  EPOCH 39 | Validation MSE: G1: 0.00240755 | Accuracy: G1: 42.14 %
2025-04-22 12:28:18,732  INFO  Start cross finetune!  G1 with D1
2025-04-22 12:28:19,184  INFO  == Cross finetune Epoch [1/10000]: G1: Validation MSE 0.00282859, Validation Acc 43.85%
2025-04-22 12:28:19,703  INFO  == Cross finetune Epoch [2/10000]: G1: Validation MSE 0.00335336, Validation Acc 43.12%
2025-04-22 12:28:20,244  INFO  == Cross finetune Epoch [3/10000]: G1: Validation MSE 0.00387346, Validation Acc 42.63%
2025-04-22 12:28:20,700  INFO  == Cross finetune Epoch [4/10000]: G1: Validation MSE 0.00356671, Validation Acc 43.73%
2025-04-22 12:28:21,140  INFO  == Cross finetune Epoch [5/10000]: G1: Validation MSE 0.00565277, Validation Acc 44.34%
2025-04-22 12:28:21,140  INFO  EPOCH 40 | Validation MSE: G1: 0.00282769 | Accuracy: G1: 42.39 %
2025-04-22 12:28:21,589  INFO  EPOCH 41 | Validation MSE: G1: 0.00269534 | Accuracy: G1: 43.85 %
2025-04-22 12:28:22,061  INFO  EPOCH 42 | Validation MSE: G1: 0.00302524 | Accuracy: G1: 42.63 %
2025-04-22 12:28:22,584  INFO  EPOCH 43 | Validation MSE: G1: 0.00343105 | Accuracy: G1: 42.87 %
2025-04-22 12:28:23,070  INFO  EPOCH 44 | Validation MSE: G1: 0.00316173 | Accuracy: G1: 43.48 %
2025-04-22 12:28:23,555  INFO  EPOCH 45 | Validation MSE: G1: 0.00422592 | Accuracy: G1: 41.90 %
2025-04-22 12:28:24,033  INFO  EPOCH 46 | Validation MSE: G1: 0.00242584 | Accuracy: G1: 43.36 %
2025-04-22 12:28:24,510  INFO  EPOCH 47 | Validation MSE: G1: 0.00255207 | Accuracy: G1: 42.51 %
2025-04-22 12:28:24,958  INFO  EPOCH 48 | Validation MSE: G1: 0.00246670 | Accuracy: G1: 42.14 %
2025-04-22 12:28:25,397  INFO  EPOCH 49 | Validation MSE: G1: 0.00284441 | Accuracy: G1: 44.09 %
2025-04-22 12:28:25,927  INFO  Start cross finetune!  G1 with D1
2025-04-22 12:28:26,359  INFO  == Cross finetune Epoch [1/10000]: G1: Validation MSE 0.00269579, Validation Acc 43.36%
2025-04-22 12:28:26,795  INFO  == Cross finetune Epoch [2/10000]: G1: Validation MSE 0.00315642, Validation Acc 44.34%
2025-04-22 12:28:27,237  INFO  == Cross finetune Epoch [3/10000]: G1: Validation MSE 0.00286574, Validation Acc 43.61%
2025-04-22 12:28:27,684  INFO  == Cross finetune Epoch [4/10000]: G1: Validation MSE 0.00376757, Validation Acc 43.12%
2025-04-22 12:28:28,152  INFO  == Cross finetune Epoch [5/10000]: G1: Validation MSE 0.00266226, Validation Acc 43.85%
2025-04-22 12:28:28,152  INFO  EPOCH 50 | Validation MSE: G1: 0.00251703 | Accuracy: G1: 42.27 %
2025-04-22 12:28:28,645  INFO  EPOCH 51 | Validation MSE: G1: 0.00381248 | Accuracy: G1: 43.48 %
2025-04-22 12:28:29,120  INFO  EPOCH 52 | Validation MSE: G1: 0.00301304 | Accuracy: G1: 44.95 %
2025-04-22 12:28:29,569  INFO  EPOCH 53 | Validation MSE: G1: 0.00369664 | Accuracy: G1: 41.90 %
2025-04-22 12:28:30,014  INFO  EPOCH 54 | Validation MSE: G1: 0.00405071 | Accuracy: G1: 43.85 %
2025-04-22 12:28:30,472  INFO  EPOCH 55 | Validation MSE: G1: 0.00414448 | Accuracy: G1: 42.87 %
2025-04-22 12:28:30,922  INFO  EPOCH 56 | Validation MSE: G1: 0.00377812 | Accuracy: G1: 44.34 %
2025-04-22 12:28:31,371  INFO  EPOCH 57 | Validation MSE: G1: 0.00290105 | Accuracy: G1: 44.34 %
2025-04-22 12:28:31,838  INFO  EPOCH 58 | Validation MSE: G1: 0.00306265 | Accuracy: G1: 44.70 %
2025-04-22 12:28:32,281  INFO  EPOCH 59 | Validation MSE: G1: 0.00277256 | Accuracy: G1: 44.70 %
2025-04-22 12:28:32,726  INFO  Do distill 1 epoch! Distill from G1 to G1
2025-04-22 12:28:32,976  INFO  Start cross finetune!  G1 with D1
2025-04-22 12:28:33,423  INFO  == Cross finetune Epoch [1/10000]: G1: Validation MSE 0.00283219, Validation Acc 44.70%
2025-04-22 12:28:33,869  INFO  == Cross finetune Epoch [2/10000]: G1: Validation MSE 0.00290528, Validation Acc 45.31%
2025-04-22 12:28:34,338  INFO  == Cross finetune Epoch [3/10000]: G1: Validation MSE 0.00309410, Validation Acc 44.82%
2025-04-22 12:28:34,783  INFO  == Cross finetune Epoch [4/10000]: G1: Validation MSE 0.00305029, Validation Acc 45.07%
2025-04-22 12:28:35,251  INFO  == Cross finetune Epoch [5/10000]: G1: Validation MSE 0.00304722, Validation Acc 44.46%
2025-04-22 12:28:35,251  INFO  EPOCH 60 | Validation MSE: G1: 0.00307665 | Accuracy: G1: 45.07 %
2025-04-22 12:28:35,702  INFO  EPOCH 61 | Validation MSE: G1: 0.00299429 | Accuracy: G1: 44.82 %
2025-04-22 12:28:36,149  INFO  EPOCH 62 | Validation MSE: G1: 0.00304562 | Accuracy: G1: 44.34 %
2025-04-22 12:28:36,590  INFO  EPOCH 63 | Validation MSE: G1: 0.00275089 | Accuracy: G1: 44.21 %
2025-04-22 12:28:37,046  INFO  EPOCH 64 | Validation MSE: G1: 0.00309391 | Accuracy: G1: 45.19 %
2025-04-22 12:28:37,516  INFO  EPOCH 65 | Validation MSE: G1: 0.00294161 | Accuracy: G1: 44.95 %
2025-04-22 12:28:37,959  INFO  EPOCH 66 | Validation MSE: G1: 0.00316274 | Accuracy: G1: 44.95 %
2025-04-22 12:28:38,420  INFO  EPOCH 67 | Validation MSE: G1: 0.00298500 | Accuracy: G1: 45.19 %
2025-04-22 12:28:38,863  INFO  EPOCH 68 | Validation MSE: G1: 0.00315127 | Accuracy: G1: 44.82 %
2025-04-22 12:28:39,342  INFO  EPOCH 69 | Validation MSE: G1: 0.00318869 | Accuracy: G1: 45.19 %
2025-04-22 12:28:39,793  INFO  Start cross finetune!  G1 with D1
2025-04-22 12:28:40,250  INFO  == Cross finetune Epoch [1/10000]: G1: Validation MSE 0.00312872, Validation Acc 45.19%
2025-04-22 12:28:40,690  INFO  == Cross finetune Epoch [2/10000]: G1: Validation MSE 0.00293770, Validation Acc 44.95%
2025-04-22 12:28:41,133  INFO  == Cross finetune Epoch [3/10000]: G1: Validation MSE 0.00302550, Validation Acc 44.34%
2025-04-22 12:28:41,582  INFO  == Cross finetune Epoch [4/10000]: G1: Validation MSE 0.00301601, Validation Acc 44.95%
2025-04-22 12:28:42,018  INFO  == Cross finetune Epoch [5/10000]: G1: Validation MSE 0.00307034, Validation Acc 44.09%
2025-04-22 12:28:42,018  INFO  EPOCH 70 | Validation MSE: G1: 0.00314144 | Accuracy: G1: 45.07 %
2025-04-22 12:28:42,485  INFO  EPOCH 71 | Validation MSE: G1: 0.00312014 | Accuracy: G1: 44.34 %
2025-04-22 12:28:43,031  INFO  EPOCH 72 | Validation MSE: G1: 0.00310424 | Accuracy: G1: 44.58 %
2025-04-22 12:28:43,500  INFO  EPOCH 73 | Validation MSE: G1: 0.00292943 | Accuracy: G1: 45.31 %
2025-04-22 12:28:43,957  INFO  EPOCH 74 | Validation MSE: G1: 0.00300150 | Accuracy: G1: 45.31 %
2025-04-22 12:28:44,391  INFO  EPOCH 75 | Validation MSE: G1: 0.00303096 | Accuracy: G1: 45.43 %
2025-04-22 12:28:44,840  INFO  EPOCH 76 | Validation MSE: G1: 0.00300715 | Accuracy: G1: 45.55 %
2025-04-22 12:28:45,316  INFO  EPOCH 77 | Validation MSE: G1: 0.00299294 | Accuracy: G1: 44.95 %
2025-04-22 12:28:45,802  INFO  EPOCH 78 | Validation MSE: G1: 0.00299094 | Accuracy: G1: 45.31 %
2025-04-22 12:28:46,274  INFO  EPOCH 79 | Validation MSE: G1: 0.00298938 | Accuracy: G1: 45.31 %
2025-04-22 12:28:46,737  INFO  Start cross finetune!  G1 with D1
2025-04-22 12:28:47,254  INFO  == Cross finetune Epoch [1/10000]: G1: Validation MSE 0.00304272, Validation Acc 45.19%
2025-04-22 12:28:47,770  INFO  == Cross finetune Epoch [2/10000]: G1: Validation MSE 0.00300129, Validation Acc 45.19%
2025-04-22 12:28:48,218  INFO  == Cross finetune Epoch [3/10000]: G1: Validation MSE 0.00302435, Validation Acc 45.31%
2025-04-22 12:28:48,681  INFO  == Cross finetune Epoch [4/10000]: G1: Validation MSE 0.00302631, Validation Acc 44.95%
2025-04-22 12:28:49,137  INFO  == Cross finetune Epoch [5/10000]: G1: Validation MSE 0.00300156, Validation Acc 45.43%
2025-04-22 12:28:49,137  INFO  EPOCH 80 | Validation MSE: G1: 0.00302119 | Accuracy: G1: 45.31 %
2025-04-22 12:28:49,616  INFO  EPOCH 81 | Validation MSE: G1: 0.00311511 | Accuracy: G1: 45.31 %
2025-04-22 12:28:50,094  INFO  EPOCH 82 | Validation MSE: G1: 0.00310234 | Accuracy: G1: 45.07 %
