2025-04-22 10:55:19,804  INFO  ARGS = {
  "notes": "单个GAN的Transformer试试看",
  "data_path": "database/processed_黄金_day.csv",
  "output_dir": "out_put/multi",
  "ckpt_dir": "ckpt",
  "feature_columns": [
    2,
    20,
    2,
    20,
    2,
    20
  ],
  "target_columns": [
    [
      1
    ]
  ],
  "start_timestamp": 31,
  "end_timestamp": -1,
  "window_sizes": [
    15,
    15,
    15
  ],
  "N_pairs": 3,
  "num_classes": 3,
  "generators": [
    "transformer",
    "transformer",
    "transformer"
  ],
  "discriminators": null,
  "distill_epochs": 1,
  "cross_finetune_epochs": 5,
  "device": [
    0
  ],
  "num_epochs": 10000,
  "lr": 2e-05,
  "batch_size": 64,
  "train_split": 0.7,
  "random_seed": 3407,
  "amp_dtype": "none",
  "mode": "train",
  "ckpt_path": "lastest"
}
2025-04-22 10:55:22,165  INFO  EPOCH 1 | Validation MSE: G1: 0.10393873, G2: 0.04871649, G3: 0.24743913 | Accuracy: G1: 55.90 %, G2: 43.55 %, G3: 56.01 %
2025-04-22 10:55:24,229  INFO  EPOCH 2 | Validation MSE: G1: 0.03154410, G2: 0.02733707, G3: 0.02933370 | Accuracy: G1: 56.12 %, G2: 44.96 %, G3: 56.01 %
2025-04-22 10:55:26,536  INFO  EPOCH 3 | Validation MSE: G1: 0.03293997, G2: 0.03328178, G3: 0.03102636 | Accuracy: G1: 50.38 %, G2: 43.55 %, G3: 53.20 %
2025-04-22 10:55:28,488  INFO  EPOCH 4 | Validation MSE: G1: 0.02711209, G2: 0.02263315, G3: 0.02471115 | Accuracy: G1: 55.80 %, G2: 54.17 %, G3: 56.66 %
2025-04-22 10:55:30,436  INFO  EPOCH 5 | Validation MSE: G1: 0.03280513, G2: 0.02628145, G3: 0.01810225 | Accuracy: G1: 55.69 %, G2: 55.36 %, G3: 54.82 %
2025-04-22 10:55:32,705  INFO  EPOCH 6 | Validation MSE: G1: 0.02703865, G2: 0.03172877, G3: 0.02002441 | Accuracy: G1: 56.34 %, G2: 57.85 %, G3: 56.45 %
2025-04-22 10:55:34,773  INFO  EPOCH 7 | Validation MSE: G1: 0.03119823, G2: 0.02469108, G3: 0.01950964 | Accuracy: G1: 54.17 %, G2: 54.17 %, G3: 53.95 %
2025-04-22 10:55:36,735  INFO  EPOCH 8 | Validation MSE: G1: 0.02665040, G2: 0.02187942, G3: 0.01354009 | Accuracy: G1: 56.01 %, G2: 56.01 %, G3: 56.01 %
2025-04-22 10:55:38,650  INFO  EPOCH 9 | Validation MSE: G1: 0.02569164, G2: 0.02496140, G3: 0.01672454 | Accuracy: G1: 53.09 %, G2: 50.70 %, G3: 52.55 %
2025-04-22 10:55:40,709  INFO  Start cross finetune!  G3 with D1
