2025-04-22 11:32:35,764  INFO  ARGS = {
  "notes": "单个GAN的Transformer试试看",
  "data_path": "database/processed_黄金_day.csv",
  "output_dir": "out_put/multi",
  "ckpt_dir": "ckpt",
  "log_diff": true,
  "feature_columns": [
    2,
    20,
    2,
    20,
    2,
    20
  ],
  "target_columns": [
    [
      1
    ]
  ],
  "start_timestamp": 31,
  "end_timestamp": -1,
  "window_sizes": [
    15,
    15,
    15
  ],
  "N_pairs": 3,
  "num_classes": 3,
  "generators": [
    "transformer",
    "transformer",
    "transformer"
  ],
  "discriminators": null,
  "distill_epochs": 1,
  "cross_finetune_epochs": 5,
  "device": [
    0
  ],
  "num_epochs": 10000,
  "lr": 2e-05,
  "batch_size": 64,
  "train_split": 0.7,
  "random_seed": 3407,
  "amp_dtype": "none",
  "mode": "train",
  "ckpt_path": "lastest"
}
2025-04-22 11:32:38,089  INFO  EPOCH 1 | Validation MSE: G1: 0.02888960, G2: 0.03054660, G3: 0.03396030 | Accuracy: G1: 50.16 %, G2: 42.25 %, G3: 41.71 %
2025-04-22 11:32:40,021  INFO  EPOCH 2 | Validation MSE: G1: 0.03188618, G2: 0.03092341, G3: 0.03165068 | Accuracy: G1: 51.68 %, G2: 43.12 %, G3: 43.99 %
2025-04-22 11:32:42,119  INFO  EPOCH 3 | Validation MSE: G1: 0.02806854, G2: 0.03532334, G3: 0.02970217 | Accuracy: G1: 47.45 %, G2: 41.82 %, G3: 41.71 %
2025-04-22 11:32:44,246  INFO  EPOCH 4 | Validation MSE: G1: 0.02895559, G2: 0.02908618, G3: 0.03099364 | Accuracy: G1: 60.56 %, G2: 61.00 %, G3: 58.94 %
2025-04-22 11:32:46,145  INFO  EPOCH 5 | Validation MSE: G1: 0.02951743, G2: 0.03058129, G3: 0.02971054 | Accuracy: G1: 63.81 %, G2: 58.94 %, G3: 59.91 %
2025-04-22 11:32:48,026  INFO  EPOCH 6 | Validation MSE: G1: 0.02698341, G2: 0.02732767, G3: 0.02780265 | Accuracy: G1: 65.66 %, G2: 65.22 %, G3: 62.62 %
2025-04-22 11:32:49,969  INFO  EPOCH 7 | Validation MSE: G1: 0.02765538, G2: 0.02928570, G3: 0.03203554 | Accuracy: G1: 66.20 %, G2: 64.68 %, G3: 60.89 %
2025-04-22 11:32:52,073  INFO  EPOCH 8 | Validation MSE: G1: 0.02671247, G2: 0.02774192, G3: 0.03007322 | Accuracy: G1: 67.61 %, G2: 65.01 %, G3: 64.90 %
2025-04-22 11:32:54,023  INFO  EPOCH 9 | Validation MSE: G1: 0.02641854, G2: 0.02832800, G3: 0.03150244 | Accuracy: G1: 69.88 %, G2: 64.57 %, G3: 69.23 %
2025-04-22 11:32:55,998  INFO  Start cross finetune!  G3 with D1
2025-04-22 11:32:56,518  INFO  == Cross finetune Epoch [1/10000]: G3: Validation MSE 0.02983849, Validation Acc 70.42%
2025-04-22 11:32:57,097  INFO  == Cross finetune Epoch [2/10000]: G3: Validation MSE 0.04690805, Validation Acc 71.51%
2025-04-22 11:32:57,571  INFO  == Cross finetune Epoch [3/10000]: G3: Validation MSE 0.03186373, Validation Acc 71.18%
2025-04-22 11:32:58,155  INFO  == Cross finetune Epoch [4/10000]: G3: Validation MSE 0.02768137, Validation Acc 72.91%
2025-04-22 11:32:58,660  INFO  == Cross finetune Epoch [5/10000]: G3: Validation MSE 0.03228543, Validation Acc 72.81%
2025-04-22 11:32:58,660  INFO  EPOCH 10 | Validation MSE: G1: 0.03260238, G2: 0.03316080, G3: 0.02981666 | Accuracy: G1: 70.53 %, G2: 69.66 %, G3: 70.75 %
2025-04-22 11:33:00,580  INFO  EPOCH 11 | Validation MSE: G1: 0.02679432, G2: 0.02699081, G3: 0.02614835 | Accuracy: G1: 71.40 %, G2: 70.10 %, G3: 71.51 %
2025-04-22 11:33:02,482  INFO  EPOCH 12 | Validation MSE: G1: 0.02607429, G2: 0.02675731, G3: 0.02531705 | Accuracy: G1: 71.29 %, G2: 70.96 %, G3: 72.26 %
2025-04-22 11:33:04,600  INFO  EPOCH 13 | Validation MSE: G1: 0.02886751, G2: 0.03196372, G3: 0.02842550 | Accuracy: G1: 72.05 %, G2: 72.91 %, G3: 72.16 %
2025-04-22 11:33:06,532  INFO  EPOCH 14 | Validation MSE: G1: 0.02508177, G2: 0.03190152, G3: 0.02792252 | Accuracy: G1: 72.26 %, G2: 72.26 %, G3: 72.16 %
2025-04-22 11:33:08,521  INFO  EPOCH 15 | Validation MSE: G1: 0.02528614, G2: 0.02951216, G3: 0.02500302 | Accuracy: G1: 72.48 %, G2: 73.02 %, G3: 72.59 %
2025-04-22 11:33:10,696  INFO  EPOCH 16 | Validation MSE: G1: 0.02489039, G2: 0.02603833, G3: 0.02512101 | Accuracy: G1: 72.91 %, G2: 72.91 %, G3: 73.02 %
2025-04-22 11:33:12,680  INFO  EPOCH 17 | Validation MSE: G1: 0.02960479, G2: 0.03273597, G3: 0.02532580 | Accuracy: G1: 73.02 %, G2: 73.02 %, G3: 72.70 %
2025-04-22 11:33:14,637  INFO  EPOCH 18 | Validation MSE: G1: 0.02510420, G2: 0.02584000, G3: 0.02552888 | Accuracy: G1: 72.16 %, G2: 73.46 %, G3: 73.13 %
2025-04-22 11:33:16,649  INFO  EPOCH 19 | Validation MSE: G1: 0.02557502, G2: 0.02980208, G3: 0.02760501 | Accuracy: G1: 72.16 %, G2: 73.02 %, G3: 72.59 %
2025-04-22 11:33:18,697  INFO  Start cross finetune!  G1 with D1
2025-04-22 11:33:19,245  INFO  == Cross finetune Epoch [1/10000]: G1: Validation MSE 0.02562446, Validation Acc 71.61%
2025-04-22 11:33:19,782  INFO  == Cross finetune Epoch [2/10000]: G1: Validation MSE 0.02695025, Validation Acc 71.40%
2025-04-22 11:33:20,357  INFO  == Cross finetune Epoch [3/10000]: G1: Validation MSE 0.02549079, Validation Acc 73.35%
2025-04-22 11:33:20,904  INFO  == Cross finetune Epoch [4/10000]: G1: Validation MSE 0.02495131, Validation Acc 72.05%
2025-04-22 11:33:21,518  INFO  == Cross finetune Epoch [5/10000]: G1: Validation MSE 0.02501076, Validation Acc 71.51%
2025-04-22 11:33:21,518  INFO  EPOCH 20 | Validation MSE: G1: 0.02500867, G2: 0.02692789, G3: 0.02503269 | Accuracy: G1: 72.81 %, G2: 73.67 %, G3: 72.81 %
2025-04-22 11:33:23,523  INFO  EPOCH 21 | Validation MSE: G1: 0.02478840, G2: 0.02593484, G3: 0.02606598 | Accuracy: G1: 72.26 %, G2: 73.89 %, G3: 73.46 %
2025-04-22 11:33:26,517  INFO  EPOCH 22 | Validation MSE: G1: 0.02427005, G2: 0.02473673, G3: 0.02438959 | Accuracy: G1: 72.59 %, G2: 73.24 %, G3: 72.05 %
