2025-04-22 11:44:27,023  INFO  ARGS = {
  "notes": "单个GAN的Transformer试试看",
  "data_path": "database/processed_黄金_day.csv",
  "output_dir": "out_put/multi",
  "ckpt_dir": "ckpt",
  "log_diff": false,
  "feature_columns": [
    6,
    -1
  ],
  "target_columns": [
    [
      1
    ]
  ],
  "start_timestamp": 31,
  "end_timestamp": -1,
  "window_sizes": [
    15
  ],
  "N_pairs": 1,
  "num_classes": 3,
  "generators": [
    "transformer"
  ],
  "discriminators": null,
  "distill_epochs": 1,
  "cross_finetune_epochs": 5,
  "device": [
    0
  ],
  "num_epochs": 10000,
  "lr": 2e-05,
  "batch_size": 64,
  "train_split": 0.7,
  "random_seed": 3407,
  "amp_dtype": "none",
  "mode": "train",
  "ckpt_path": "lastest"
}
2025-04-22 11:44:27,786  INFO  EPOCH 1 | Validation MSE: G1: 0.03284100 | Accuracy: G1: 55.15 %
2025-04-22 11:44:28,428  INFO  EPOCH 2 | Validation MSE: G1: 0.04104023 | Accuracy: G1: 49.73 %
2025-04-22 11:44:28,958  INFO  EPOCH 3 | Validation MSE: G1: 0.03866749 | Accuracy: G1: 44.64 %
2025-04-22 11:44:29,520  INFO  EPOCH 4 | Validation MSE: G1: 0.03088660 | Accuracy: G1: 46.26 %
2025-04-22 11:44:30,067  INFO  EPOCH 5 | Validation MSE: G1: 0.02113340 | Accuracy: G1: 47.45 %
2025-04-22 11:44:30,562  INFO  EPOCH 6 | Validation MSE: G1: 0.02473580 | Accuracy: G1: 43.55 %
2025-04-22 11:44:31,078  INFO  EPOCH 7 | Validation MSE: G1: 0.02394021 | Accuracy: G1: 46.59 %
2025-04-22 11:44:31,633  INFO  EPOCH 8 | Validation MSE: G1: 0.02357803 | Accuracy: G1: 50.38 %
2025-04-22 11:44:32,128  INFO  EPOCH 9 | Validation MSE: G1: 0.02249746 | Accuracy: G1: 52.11 %
2025-04-22 11:44:32,674  INFO  Start cross finetune!  G1 with D1
2025-04-22 11:44:33,163  INFO  == Cross finetune Epoch [1/10000]: G1: Validation MSE 0.01968044, Validation Acc 47.89%
2025-04-22 11:44:33,658  INFO  == Cross finetune Epoch [2/10000]: G1: Validation MSE 0.02281677, Validation Acc 44.53%
2025-04-22 11:44:34,172  INFO  == Cross finetune Epoch [3/10000]: G1: Validation MSE 0.01868091, Validation Acc 43.99%
2025-04-22 11:44:34,646  INFO  == Cross finetune Epoch [4/10000]: G1: Validation MSE 0.01648927, Validation Acc 43.55%
2025-04-22 11:44:35,130  INFO  == Cross finetune Epoch [5/10000]: G1: Validation MSE 0.02030042, Validation Acc 43.55%
2025-04-22 11:44:35,130  INFO  EPOCH 10 | Validation MSE: G1: 0.02081472 | Accuracy: G1: 50.16 %
2025-04-22 11:44:35,683  INFO  EPOCH 11 | Validation MSE: G1: 0.01677553 | Accuracy: G1: 48.54 %
2025-04-22 11:44:36,221  INFO  EPOCH 12 | Validation MSE: G1: 0.01483751 | Accuracy: G1: 52.11 %
2025-04-22 11:44:36,716  INFO  EPOCH 13 | Validation MSE: G1: 0.01549956 | Accuracy: G1: 46.26 %
2025-04-22 11:44:37,236  INFO  EPOCH 14 | Validation MSE: G1: 0.01879507 | Accuracy: G1: 52.22 %
2025-04-22 11:44:37,728  INFO  EPOCH 15 | Validation MSE: G1: 0.01539165 | Accuracy: G1: 53.20 %
